ASxxxx Linker V03.00 + NoICE + sdld,  page 1.
Hexadecimal  [32-Bits]

Area                                    Addr        Size        Decimal Bytes (Attributes)
--------------------------------        ----        ----        ------- ----- ------------
CABS                                00000000    00000000 =           0. bytes (ABS,CON,CODE)

      Value  Global                              Global Defined In Module
      -----  --------------------------------   ------------------------
C:   00000000  l_BIT_BANK                      
C:   00000000  l_CABS                          
C:   00000000  l_GSINIT                        
C:   00000000  l_GSINIT1                       
C:   00000000  l_GSINIT5                       
C:   00000000  l_IABS                          
C:   00000000  l_ISEG                          
C:   00000000  l_PSEG                          
C:   00000000  l_REG_BANK_1                    
C:   00000000  l_REG_BANK_2                    
C:   00000000  l_REG_BANK_3                    
C:   00000000  l_RSEG                          
C:   00000000  l_RSEG0                         
C:   00000000  l_RSEG1                         
C:   00000000  l_XABS                          
C:   00000000  l__CODE                         
C:   00000000  s_BSEG                          
C:   00000000  s_CABS                          
C:   00000000  s_DSEG                          
C:   00000000  s_IABS                          
C:   00000000  s_ISEG                          
C:   00000000  s_REG_BANK_0                    
C:   00000000  s_RSEG                          
C:   00000000  s_RSEG0                         
C:   00000000  s_RSEG1                         
C:   00000000  s_XABS                          
C:   00000001  l_BSEG_BYTES                    
C:   00000001  s_PSEG                          
C:   00000001  s_XSEG                          
C:   00000003  l_BSEG                          
C:   00000003  l_GSFINAL                       
C:   00000003  l_GSINIT0                       
C:   00000005  l_OSEG                          
C:   00000005  l_XINIT                         
C:   00000005  l_XISEG                         
C:   00000008  l_REG_BANK_0                    
C:   00000008  s_REG_BANK_1                    
C:   0000000A  l_GSINIT2                       
C:   00000010  s_REG_BANK_2                    
C:   00000018  s_BIT_BANK                      
C:   00000018  s_REG_BANK_3                    
C:   0000001B  s_OSEG                          
C:   00000020  s_BSEG_BYTES                    
C:   00000020  s__CODE                         
C:   00000022  l_GSINIT3                       
C:   0000002A  l_GSINIT4                       
C:   00000034  l_HOME                          
C:   00000055  s_SSEG                          
C:   00000080  l_DSEG                          
C:   000000AB  l_SSEG                          
ASxxxx Linker V03.00 + NoICE + sdld,  page 2.
Hexadecimal  [32-Bits]

Area                                    Addr        Size        Decimal Bytes (Attributes)
--------------------------------        ----        ----        ------- ----- ------------
CABS                                00000000    00000000 =           0. bytes (ABS,CON,CODE)

      Value  Global                              Global Defined In Module
      -----  --------------------------------   ------------------------
C:   00000100  l_IRAM                          
C:   00000458  l_CONST                         
C:   000010B3  l_XSEG                          
C:   000010B4  s_XISEG                         
C:   00002000  s_HOME                          
C:   00002034  s_GSINIT0                       
C:   00002037  s_GSINIT1                       
C:   00002037  s_GSINIT2                       
C:   00002041  s_GSINIT3                       
C:   00002063  s_GSINIT4                       
C:   0000208D  s_GSFINAL                       
C:   0000208D  s_GSINIT                        
C:   0000208D  s_GSINIT5                       
C:   00002090  s_CSEG                          
C:   000028D4  l_CSEG                          
C:   00004964  s_CONST                         
C:   00004DBC  s_XINIT                         

ASxxxx Linker V03.00 + NoICE + sdld,  page 3.
Hexadecimal  [32-Bits]

Area                                    Addr        Size        Decimal Bytes (Attributes)
--------------------------------        ----        ----        ------- ----- ------------
.  .ABS.                            00000000    00000000 =           0. bytes (ABS,CON)

      Value  Global                              Global Defined In Module
      -----  --------------------------------   ------------------------
     00000000  .__.ABS.                           _bp
     00000080  _P0                                input
     00000080  _P0_0                              input
     00000081  _P0_1                              input
     00000081  _SP                                input
     00000082  _DPL                               input
     00000082  _P0_2                              input
     00000083  _DPH                               input
     00000083  _P0_3                              input
     00000084  _P0_4                              input
     00000085  _P0_5                              input
     00000086  _P0_6                              input
     00000087  _P0_7                              input
     00000087  _PCON                              input
     00000088  _IT0                               input
     00000088  _TCON                              input
     00000089  _IE0                               input
     00000089  _TMOD                              input
     0000008A  _IT1                               input
     0000008A  _TL0                               input
     0000008B  _IE1                               input
     0000008B  _TL1                               input
     0000008C  _TH0                               input
     0000008C  _TR0                               input
     0000008D  _TF0                               input
     0000008D  _TH1                               input
     0000008E  _AUXR                              input
     0000008E  _TR1                               input
     0000008F  _CKCON0                            input
     0000008F  _TF1                               input
     00000090  _P1                                input
     00000090  _P1_0                              input
     00000091  _P1_1                              input
     00000092  _P1_2                              input
     00000093  _P1_3                              input
     00000094  _P1_4                              input
     00000095  _P1_5                              input
     00000096  _P1_6                              input
     00000097  _CKRL                              input
     00000097  _P1_7                              input
     00000098  _RI                                input
     00000098  _SCON                              input
     00000099  _SBUF                              input
     00000099  _TI                                input
     0000009A  _BRL                               input
     0000009A  _RB8                               input
     0000009B  _BDRCON                            input
     0000009B  _TB8                               input
     0000009C  _KBLS                              input
     0000009C  _REN                               input
ASxxxx Linker V03.00 + NoICE + sdld,  page 4.
Hexadecimal  [32-Bits]

Area                                    Addr        Size        Decimal Bytes (Attributes)
--------------------------------        ----        ----        ------- ----- ------------
.  .ABS.                            00000000    00000000 =           0. bytes (ABS,CON)

      Value  Global                              Global Defined In Module
      -----  --------------------------------   ------------------------
     0000009D  _KBE                               input
     0000009D  _SM2                               input
     0000009E  _KBF                               input
     0000009E  _SM1                               input
     0000009F  _SM0                               input
     000000A0  _P2                                input
     000000A0  _P2_0                              input
     000000A0  __XPAGE                            
     000000A1  _P2_1                              input
     000000A2  _AUXR1                             input
     000000A2  _P2_2                              input
     000000A3  _P2_3                              input
     000000A4  _P2_4                              input
     000000A5  _P2_5                              input
     000000A6  _P2_6                              input
     000000A6  _WDTRST                            input
     000000A7  _P2_7                              input
     000000A7  _WDTPRG                            input
     000000A8  _EX0                               input
     000000A8  _IE                                input
     000000A8  _IEN0                              input
     000000A9  _ET0                               input
     000000A9  _SADDR                             input
     000000AA  _EX1                               input
     000000AB  _ET1                               input
     000000AC  _ES                                input
     000000AD  _ET2                               input
     000000AE  _EC                                input
     000000AF  _CKCON1                            input
     000000AF  _EA                                input
     000000B0  _P3                                input
     000000B0  _P3_0                              input
     000000B0  _RXD                               input
     000000B1  _IEN1                              input
     000000B1  _P3_1                              input
     000000B1  _TXD                               input
     000000B2  _INT0                              input
     000000B2  _IPL1                              input
     000000B2  _P3_2                              input
     000000B3  _INT1                              input
     000000B3  _IPH1                              input
     000000B3  _P3_3                              input
     000000B4  _P3_4                              input
     000000B4  _T0                                input
     000000B5  _P3_5                              input
     000000B5  _T1                                input
     000000B6  _P3_6                              input
     000000B6  _WR                                input
     000000B7  _IPH0                              input
     000000B7  _P3_7                              input
     000000B7  _RD                                input
ASxxxx Linker V03.00 + NoICE + sdld,  page 5.
Hexadecimal  [32-Bits]

Area                                    Addr        Size        Decimal Bytes (Attributes)
--------------------------------        ----        ----        ------- ----- ------------
.  .ABS.                            00000000    00000000 =           0. bytes (ABS,CON)

      Value  Global                              Global Defined In Module
      -----  --------------------------------   ------------------------
     000000B8  _IP                                input
     000000B8  _IPL0                              input
     000000B8  _PX0                               input
     000000B8  _PX0L                              input
     000000B9  _PT0                               input
     000000B9  _PT0L                              input
     000000B9  _SADEN                             input
     000000BA  _PX1                               input
     000000BA  _PX1L                              input
     000000BB  _PT1                               input
     000000BB  _PT1L                              input
     000000BC  _PS                                input
     000000BC  _PSL                               input
     000000BD  _PT2                               input
     000000BD  _PT2L                              input
     000000BE  _PPCL                              input
     000000C0  _P4                                input
     000000C0  _P4_0                              input
     000000C1  _P4_1                              input
     000000C2  _P4_2                              input
     000000C3  _P4_3                              input
     000000C3  _SPCON                             input
     000000C4  _P4_4                              input
     000000C4  _SPSTA                             input
     000000C5  _P4_5                              input
     000000C5  _SPDAT                             input
     000000C6  _P4_6                              input
     000000C7  _P4_7                              input
     000000C8  _CP_RL2                            input
     000000C8  _T2CON                             input
     000000C8  _T2CON_0                           input
     000000C9  _C_T2                              input
     000000C9  _T2CON_1                           input
     000000C9  _T2MOD                             input
     000000CA  _RCAP2L                            input
     000000CA  _T2CON_2                           input
     000000CA  _TR2                               input
     000000CB  _EXEN2                             input
     000000CB  _RCAP2H                            input
     000000CB  _T2CON_3                           input
     000000CC  _T2CON_4                           input
     000000CC  _TCLK                              input
     000000CC  _TL2                               input
     000000CD  _RCLK                              input
     000000CD  _T2CON_5                           input
     000000CD  _TH2                               input
     000000CE  _EXF2                              input
     000000CE  _T2CON_6                           input
     000000CF  _T2CON_7                           input
     000000CF  _TF2                               input
     000000D0  _P                                 input
ASxxxx Linker V03.00 + NoICE + sdld,  page 6.
Hexadecimal  [32-Bits]

Area                                    Addr        Size        Decimal Bytes (Attributes)
--------------------------------        ----        ----        ------- ----- ------------
.  .ABS.                            00000000    00000000 =           0. bytes (ABS,CON)

      Value  Global                              Global Defined In Module
      -----  --------------------------------   ------------------------
     000000D0  _PSW                               input
     000000D1  _F1                                input
     000000D2  _EECON                             input
     000000D2  _OV                                input
     000000D3  _RS0                               input
     000000D4  _RS1                               input
     000000D5  _F0                                input
     000000D6  _AC                                input
     000000D7  _CY                                input
     000000D8  _CCF0                              input
     000000D8  _CCON                              input
     000000D9  _CCF1                              input
     000000D9  _CMOD                              input
     000000DA  _CCAPM0                            input
     000000DA  _CCF2                              input
     000000DB  _CCAPM1                            input
     000000DB  _CCF3                              input
     000000DC  _CCAPM2                            input
     000000DC  _CCF4                              input
     000000DD  _CCAPM3                            input
     000000DE  _CCAPM4                            input
     000000DE  _CR                                input
     000000DF  _CF                                input
     000000E0  _ACC                               input
     000000E8  _P5                                input
     000000E8  _P5_0                              input
     000000E9  _CL                                input
     000000E9  _P5_1                              input
     000000EA  _CCAP0L                            input
     000000EA  _P5_2                              input
     000000EB  _CCAP1L                            input
     000000EB  _P5_3                              input
     000000EC  _CCAP2L                            input
     000000EC  _P5_4                              input
     000000ED  _CCAP3L                            input
     000000ED  _P5_5                              input
     000000EE  _CCAP4L                            input
     000000EE  _P5_6                              input
     000000EF  _P5_7                              input
     000000F0  _B                                 input
     000000F5  _B_5                               _gptrget
     000000F6  _B_6                               _gptrget
     000000F7  _B_7                               _gptrget
     000000F9  _CH                                input
     000000FA  _CCAP0H                            input
     000000FB  _CCAP1H                            input
     000000FC  _CCAP2H                            input
     000000FD  _CCAP3H                            input
     000000FE  _CCAP4H                            input
ASxxxx Linker V03.00 + NoICE + sdld,  page 7.
Hexadecimal  [32-Bits]

Area                                    Addr        Size        Decimal Bytes (Attributes)
--------------------------------        ----        ----        ------- ----- ------------
BSEG_BYTES                          00000020    00000001 =           1. bytes (REL,CON)

      Value  Global                              Global Defined In Module
      -----  --------------------------------   ------------------------
ASxxxx Linker V03.00 + NoICE + sdld,  page 8.
Hexadecimal  [32-Bits]

Area                                    Addr        Size        Decimal Bytes (Attributes)
--------------------------------        ----        ----        ------- ----- ------------
REG_BANK_0                          00000000    00000008 =           8. bytes (REL,OVR)

      Value  Global                              Global Defined In Module
      -----  --------------------------------   ------------------------
ASxxxx Linker V03.00 + NoICE + sdld,  page 9.
Hexadecimal  [32-Bits]

Area                                    Addr        Size        Decimal Bytes (Attributes)
--------------------------------        ----        ----        ------- ----- ------------
DSEG                                00000000    00000080 =         128. bytes (REL,CON)

      Value  Global                              Global Defined In Module
      -----  --------------------------------   ------------------------
     0000001A  _bp                                _bp

ASxxxx Linker V03.00 + NoICE + sdld,  page 10.
Hexadecimal  [32-Bits]

Area                                    Addr        Size        Decimal Bytes (Attributes)
--------------------------------        ----        ----        ------- ----- ------------
OSEG                                0000001B    00000005 =           5. bytes (REL,OVR)

      Value  Global                              Global Defined In Module
      -----  --------------------------------   ------------------------
ASxxxx Linker V03.00 + NoICE + sdld,  page 11.
Hexadecimal  [32-Bits]

Area                                    Addr        Size        Decimal Bytes (Attributes)
--------------------------------        ----        ----        ------- ----- ------------
SSEG                                00000055    000000AB =         171. bytes (REL,OVR)

      Value  Global                              Global Defined In Module
      -----  --------------------------------   ------------------------
     00000055  __start__stack                     main

ASxxxx Linker V03.00 + NoICE + sdld,  page 12.
Hexadecimal  [32-Bits]

Area                                    Addr        Size        Decimal Bytes (Attributes)
--------------------------------        ----        ----        ------- ----- ------------
XSEG                                00000001    000010B3 =        4275. bytes (REL,CON,XDATA)

      Value  Global                              Global Defined In Module
      -----  --------------------------------   ------------------------
D:   00000001  _static_buffers                    main
D:   00000024  _store_in_buffer_PARM_2            main
D:   00000034  ___sdcc_heap                       _heap
D:   00001034  _string_input_buffer               input
D:   0000103E  _append_to_buffer_list_PARM_2      linked_list
D:   00001047  _remove_from_buffer_list_PARM_2    linked_list
D:   00001061  ___memcpy_PARM_2                   __memcpy
D:   00001064  ___memcpy_PARM_3                   __memcpy
D:   00001069  _memset_PARM_2                     _memset
D:   0000106A  _memset_PARM_3                     _memset
D:   00001072  __gptrput_PARM_2                   _gptrput
D:   00001073  ___sdcc_heap_free                  malloc
D:   0000107B  __mulint_PARM_2                    _mulint
D:   0000107D  _vprintf_PARM_2                    vprintf
D:   00001092  __print_format_PARM_2              printf_large
D:   00001095  __print_format_PARM_3              printf_large
D:   00001098  __print_format_PARM_4              printf_large

ASxxxx Linker V03.00 + NoICE + sdld,  page 13.
Hexadecimal  [32-Bits]

Area                                    Addr        Size        Decimal Bytes (Attributes)
--------------------------------        ----        ----        ------- ----- ------------
XISEG                               000010B4    00000005 =           5. bytes (REL,CON,XDATA)

      Value  Global                              Global Defined In Module
      -----  --------------------------------   ------------------------
D:   000010B4  _dynamic_buffers_list              main
D:   000010B7  _character_count                   input

ASxxxx Linker V03.00 + NoICE + sdld,  page 14.
Hexadecimal  [32-Bits]

Area                                    Addr        Size        Decimal Bytes (Attributes)
--------------------------------        ----        ----        ------- ----- ------------
HOME                                00002000    00000034 =          52. bytes (REL,CON,CODE)

      Value  Global                              Global Defined In Module
      -----  --------------------------------   ------------------------
C:   00002003  __sdcc_program_startup             main
C:   00002006  ___gptr_cmp                        

ASxxxx Linker V03.00 + NoICE + sdld,  page 15.
Hexadecimal  [32-Bits]

Area                                    Addr        Size        Decimal Bytes (Attributes)
--------------------------------        ----        ----        ------- ----- ------------
GSINIT0                             00002034    00000003 =           3. bytes (REL,CON,CODE)

      Value  Global                              Global Defined In Module
      -----  --------------------------------   ------------------------
C:   00002034  __sdcc_gsinit_startup              

ASxxxx Linker V03.00 + NoICE + sdld,  page 16.
Hexadecimal  [32-Bits]

Area                                    Addr        Size        Decimal Bytes (Attributes)
--------------------------------        ----        ----        ------- ----- ------------
GSINIT2                             00002037    0000000A =          10. bytes (REL,CON,CODE)

      Value  Global                              Global Defined In Module
      -----  --------------------------------   ------------------------
ASxxxx Linker V03.00 + NoICE + sdld,  page 17.
Hexadecimal  [32-Bits]

Area                                    Addr        Size        Decimal Bytes (Attributes)
--------------------------------        ----        ----        ------- ----- ------------
GSINIT3                             00002041    00000022 =          34. bytes (REL,CON,CODE)

      Value  Global                              Global Defined In Module
      -----  --------------------------------   ------------------------
C:   00002041  __mcs51_genXINIT                   

ASxxxx Linker V03.00 + NoICE + sdld,  page 18.
Hexadecimal  [32-Bits]

Area                                    Addr        Size        Decimal Bytes (Attributes)
--------------------------------        ----        ----        ------- ----- ------------
GSINIT4                             00002063    0000002A =          42. bytes (REL,CON,CODE)

      Value  Global                              Global Defined In Module
      -----  --------------------------------   ------------------------
C:   00002063  __mcs51_genRAMCLEAR                
C:   00002069  __mcs51_genXRAMCLEAR               

ASxxxx Linker V03.00 + NoICE + sdld,  page 19.
Hexadecimal  [32-Bits]

Area                                    Addr        Size        Decimal Bytes (Attributes)
--------------------------------        ----        ----        ------- ----- ------------
GSFINAL                             0000208D    00000003 =           3. bytes (REL,CON,CODE)

      Value  Global                              Global Defined In Module
      -----  --------------------------------   ------------------------
ASxxxx Linker V03.00 + NoICE + sdld,  page 20.
Hexadecimal  [32-Bits]

Area                                    Addr        Size        Decimal Bytes (Attributes)
--------------------------------        ----        ----        ------- ----- ------------
CSEG                                00002090    000028D4 =       10452. bytes (REL,CON,CODE)

      Value  Global                              Global Defined In Module
      -----  --------------------------------   ------------------------
C:   00002090  __sdcc_external_startup            main
C:   00002094  _is_alphabet_char                  main
C:   000020C8  _initialize_default_elements       main
C:   00002169  _alloc_new_buffer                  main
C:   00002206  _initialize_buffers                main
C:   0000281E  _store_in_buffer                   main
C:   00002904  _command_header                    main
C:   0000294D  _heap_report                       main
C:   00002BAC  _get_user_buffer_sz                main
C:   00002C06  _free_all_buffers                  main
C:   00002CB9  _qmark_command_handler             main
C:   00002EA6  _enter_command_handler             main
C:   00003053  _percent_command_handler           main
C:   0000318E  _dollar_sign_command_handler       main
C:   00003255  _hashtag_command_handler           main
C:   00003329  _plus_command_handler              main
C:   000033CD  _minus_command_handler             main
C:   00003477  _main                              main
C:   00003520  _putchar                           my_serial
C:   0000353F  _getchar                           my_serial
C:   0000354D  _get_input_buffer                  input
C:   00003554  _get_string                        input
C:   000035E7  _get_next_input_char               input
C:   0000360A  _get_char_count                    input
C:   00003616  _reset_char_count                  input
C:   0000361E  _append_to_buffer_list             linked_list
C:   00003704  _remove_from_buffer_list           linked_list
C:   000038B6  _free_all_elems_from_list          linked_list
C:   000039D7  _free                              free
C:   00003B2E  ___memcpy                          __memcpy
C:   00003BA2  _memset                            _memset
C:   00003BCA  _atoi                              atoi
C:   00003CEE  __gptrput                          _gptrput
C:   00003D09  ___sdcc_heap_init                  malloc
C:   00003D45  _malloc                            malloc
C:   00003EAE  __mulint                           _mulint
C:   00003EDD  _vprintf                           vprintf
C:   00003F1C  _printf                            vprintf
C:   00004022  __print_format                     printf_large
C:   00004930  _strlen                            _strlen
C:   00004948  __gptrget                          _gptrget

ASxxxx Linker V03.00 + NoICE + sdld,  page 21.
Hexadecimal  [32-Bits]

Area                                    Addr        Size        Decimal Bytes (Attributes)
--------------------------------        ----        ----        ------- ----- ------------
CONST                               00004964    00000458 =        1112. bytes (REL,CON,CODE)

      Value  Global                              Global Defined In Module
      -----  --------------------------------   ------------------------
C:   00004DAF  ___sdcc_heap_size                  _heap

ASxxxx Linker V03.00 + NoICE + sdld,  page 22.
Hexadecimal  [32-Bits]

Area                                    Addr        Size        Decimal Bytes (Attributes)
--------------------------------        ----        ----        ------- ----- ------------
XINIT                               00004DBC    00000005 =           5. bytes (REL,CON,CODE)

      Value  Global                              Global Defined In Module
      -----  --------------------------------   ------------------------
ASxxxx Linker V03.00 + NoICE + sdld,  page 23.

Files Linked                              [ module(s) ]

bin/main.rel                              [  ]
bin/my_serial.rel                         [  ]
bin/_heap.rel                             [  ]
bin/input.rel                             [  ]
bin/linked_list.rel                       [  ]


Libraries Linked                          [ object file ]

C:\Program Files\SDCC\bin\..\lib\large/libsdcc.lib
                                          [ free.rel ]
C:\Program Files\SDCC\bin\..\lib\large/mcs51.lib
                                          [ crtclear.rel ]
C:\Program Files\SDCC\bin\..\lib\large/libsdcc.lib
                                          [ __memcpy.rel ]
C:\Program Files\SDCC\bin\..\lib\large/libsdcc.lib
                                          [ _memset.rel ]
C:\Program Files\SDCC\bin\..\lib\large/libsdcc.lib
                                          [ atoi.rel ]
C:\Program Files\SDCC\bin\..\lib\large/mcs51.lib
                                          [ crtxinit.rel ]
C:\Program Files\SDCC\bin\..\lib\large/libsdcc.lib
                                          [ _gptrput.rel ]
C:\Program Files\SDCC\bin\..\lib\large/libsdcc.lib
                                          [ malloc.rel ]
C:\Program Files\SDCC\bin\..\lib\large/libint.lib
                                          [ _mulint.rel ]
C:\Program Files\SDCC\bin\..\lib\large/mcs51.lib
                                          [ crtxclear.rel ]
C:\Program Files\SDCC\bin\..\lib\large/libsdcc.lib
                                          [ vprintf.rel ]
C:\Program Files\SDCC\bin\..\lib\large/libsdcc.lib
                                          [ printf_large.rel ]
C:\Program Files\SDCC\bin\..\lib\large/mcs51.lib
                                          [ crtpagesfr.rel ]
C:\Program Files\SDCC\bin\..\lib\large/libsdcc.lib
                                          [ _strlen.rel ]
C:\Program Files\SDCC\bin\..\lib\large/mcs51.lib
                                          [ gptr_cmp.rel ]
C:\Program Files\SDCC\bin\..\lib\large/mcs51.lib
                                          [ crtstart.rel ]
C:\Program Files\SDCC\bin\..\lib\large/libsdcc.lib
                                          [ _gptrget.rel ]
C:\Program Files\SDCC\bin\..\lib\large/libsdcc.lib
                                          [ _bp.rel ]

ASxxxx Linker V03.00 + NoICE + sdld,  page 24.

User Base Address Definitions

HOME = 0x2000
XSEG = 0x0001
PSEG = 0x0001
ISEG = 0x0000
BSEG = 0x0000

