../Drivers/CMSIS/Include/core_cm4.h:1684:22:__NVIC_EnableIRQ	16	static,ignoring_inline_asm
../Drivers/CMSIS/Include/core_cm4.h:1775:22:__NVIC_ClearPendingIRQ	16	static
../Drivers/CMSIS/Include/core_cm4.h:1814:22:__NVIC_SetPriority	16	static
../Core/Src/main.c:91:6:TIM2_IRQHandler	8	static
../Core/Src/main.c:102:6:EXTI0_IRQHandler	4	static
../Core/Src/main.c:108:6:setup_gpio	4	static
../Core/Src/main.c:129:5:main	8	static
../Core/Src/main.c:190:6:SystemClock_Config	88	static
../Core/Src/main.c:237:13:MX_GPIO_Init	56	static
../Core/Src/main.c:384:6:Error_Handler	4	static,ignoring_inline_asm
