ASxxxx Linker V03.00 + NoICE + sdld,  page 1.
Hexadecimal  [32-Bits]

Area                                    Addr        Size        Decimal Bytes (Attributes)
--------------------------------        ----        ----        ------- ----- ------------
CABS                                00000000    00000000 =           0. bytes (ABS,CON,CODE)

      Value  Global                              Global Defined In Module
      -----  --------------------------------   ------------------------
C:   00000000  l_BIT_BANK                      
C:   00000000  l_CABS                          
C:   00000000  l_GSINIT                        
C:   00000000  l_GSINIT1                       
C:   00000000  l_GSINIT5                       
C:   00000000  l_IABS                          
C:   00000000  l_ISEG                          
C:   00000000  l_OSEG                          
C:   00000000  l_PSEG                          
C:   00000000  l_REG_BANK_1                    
C:   00000000  l_REG_BANK_2                    
C:   00000000  l_REG_BANK_3                    
C:   00000000  l_RSEG                          
C:   00000000  l_RSEG0                         
C:   00000000  l_RSEG1                         
C:   00000000  l_XABS                          
C:   00000000  l_XINIT                         
C:   00000000  l_XISEG                         
C:   00000000  l__CODE                         
C:   00000000  s_BSEG                          
C:   00000000  s_CABS                          
C:   00000000  s_DSEG                          
C:   00000000  s_IABS                          
C:   00000000  s_ISEG                          
C:   00000000  s_REG_BANK_0                    
C:   00000000  s_RSEG                          
C:   00000000  s_RSEG0                         
C:   00000000  s_RSEG1                         
C:   00000000  s_XABS                          
C:   00000001  l_BSEG                          
C:   00000001  l_BSEG_BYTES                    
C:   00000001  s_PSEG                          
C:   00000001  s_XSEG                          
C:   00000003  l_GSFINAL                       
C:   00000003  l_GSINIT0                       
C:   00000008  l_REG_BANK_0                    
C:   00000008  s_REG_BANK_1                    
C:   0000000A  l_GSINIT2                       
C:   00000010  s_REG_BANK_2                    
C:   00000011  l_HOME                          
C:   00000018  s_BIT_BANK                      
C:   00000018  s_OSEG                          
C:   00000018  s_REG_BANK_3                    
C:   00000020  s_BSEG_BYTES                    
C:   00000020  s__CODE                         
C:   00000021  s_SSEG                          
C:   00000022  l_GSINIT3                       
C:   0000002A  l_GSINIT4                       
C:   0000006B  l_DSEG                          
C:   000000C5  l_CONST                         
ASxxxx Linker V03.00 + NoICE + sdld,  page 2.
Hexadecimal  [32-Bits]

Area                                    Addr        Size        Decimal Bytes (Attributes)
--------------------------------        ----        ----        ------- ----- ------------
CABS                                00000000    00000000 =           0. bytes (ABS,CON,CODE)

      Value  Global                              Global Defined In Module
      -----  --------------------------------   ------------------------
C:   000000DF  l_SSEG                          
C:   00000100  l_IRAM                          
C:   00000418  l_XSEG                          
C:   00000419  s_XISEG                         
C:   0000064E  l_CSEG                          
C:   00002000  s_HOME                          
C:   00002011  s_GSINIT0                       
C:   00002014  s_GSINIT1                       
C:   00002014  s_GSINIT2                       
C:   0000201E  s_GSINIT3                       
C:   00002040  s_GSINIT4                       
C:   0000206A  s_GSFINAL                       
C:   0000206A  s_GSINIT                        
C:   0000206A  s_GSINIT5                       
C:   0000206D  s_CSEG                          
C:   000026BB  s_CONST                         
C:   00002780  s_XINIT                         

ASxxxx Linker V03.00 + NoICE + sdld,  page 3.
Hexadecimal  [32-Bits]

Area                                    Addr        Size        Decimal Bytes (Attributes)
--------------------------------        ----        ----        ------- ----- ------------
.  .ABS.                            00000000    00000000 =           0. bytes (ABS,CON)

      Value  Global                              Global Defined In Module
      -----  --------------------------------   ------------------------
     00000000  .__.ABS.                           _gptrget
     00000080  _P0                                my_serial
     00000080  _P0_0                              my_serial
     00000081  _P0_1                              my_serial
     00000081  _SP                                my_serial
     00000082  _DPL                               my_serial
     00000082  _P0_2                              my_serial
     00000083  _DPH                               my_serial
     00000083  _P0_3                              my_serial
     00000084  _P0_4                              my_serial
     00000085  _P0_5                              my_serial
     00000086  _P0_6                              my_serial
     00000087  _P0_7                              my_serial
     00000087  _PCON                              my_serial
     00000088  _IT0                               my_serial
     00000088  _TCON                              my_serial
     00000089  _IE0                               my_serial
     00000089  _TMOD                              my_serial
     0000008A  _IT1                               my_serial
     0000008A  _TL0                               my_serial
     0000008B  _IE1                               my_serial
     0000008B  _TL1                               my_serial
     0000008C  _TH0                               my_serial
     0000008C  _TR0                               my_serial
     0000008D  _TF0                               my_serial
     0000008D  _TH1                               my_serial
     0000008E  _AUXR                              my_serial
     0000008E  _TR1                               my_serial
     0000008F  _CKCON0                            my_serial
     0000008F  _TF1                               my_serial
     00000090  _P1                                my_serial
     00000090  _P1_0                              my_serial
     00000091  _P1_1                              my_serial
     00000092  _P1_2                              my_serial
     00000093  _P1_3                              my_serial
     00000094  _P1_4                              my_serial
     00000095  _P1_5                              my_serial
     00000096  _P1_6                              my_serial
     00000097  _CKRL                              my_serial
     00000097  _P1_7                              my_serial
     00000098  _RI                                my_serial
     00000098  _SCON                              my_serial
     00000099  _SBUF                              my_serial
     00000099  _TI                                my_serial
     0000009A  _BRL                               my_serial
     0000009A  _RB8                               my_serial
     0000009B  _BDRCON                            my_serial
     0000009B  _TB8                               my_serial
     0000009C  _KBLS                              my_serial
     0000009C  _REN                               my_serial
ASxxxx Linker V03.00 + NoICE + sdld,  page 4.
Hexadecimal  [32-Bits]

Area                                    Addr        Size        Decimal Bytes (Attributes)
--------------------------------        ----        ----        ------- ----- ------------
.  .ABS.                            00000000    00000000 =           0. bytes (ABS,CON)

      Value  Global                              Global Defined In Module
      -----  --------------------------------   ------------------------
     0000009D  _KBE                               my_serial
     0000009D  _SM2                               my_serial
     0000009E  _KBF                               my_serial
     0000009E  _SM1                               my_serial
     0000009F  _SM0                               my_serial
     000000A0  _P2                                my_serial
     000000A0  _P2_0                              my_serial
     000000A0  __XPAGE                            
     000000A1  _P2_1                              my_serial
     000000A2  _AUXR1                             my_serial
     000000A2  _P2_2                              my_serial
     000000A3  _P2_3                              my_serial
     000000A4  _P2_4                              my_serial
     000000A5  _P2_5                              my_serial
     000000A6  _P2_6                              my_serial
     000000A6  _WDTRST                            my_serial
     000000A7  _P2_7                              my_serial
     000000A7  _WDTPRG                            my_serial
     000000A8  _EX0                               my_serial
     000000A8  _IE                                my_serial
     000000A8  _IEN0                              my_serial
     000000A9  _ET0                               my_serial
     000000A9  _SADDR                             my_serial
     000000AA  _EX1                               my_serial
     000000AB  _ET1                               my_serial
     000000AC  _ES                                my_serial
     000000AD  _ET2                               my_serial
     000000AE  _EC                                my_serial
     000000AF  _CKCON1                            my_serial
     000000AF  _EA                                my_serial
     000000B0  _P3                                my_serial
     000000B0  _P3_0                              my_serial
     000000B0  _RXD                               my_serial
     000000B1  _IEN1                              my_serial
     000000B1  _P3_1                              my_serial
     000000B1  _TXD                               my_serial
     000000B2  _INT0                              my_serial
     000000B2  _IPL1                              my_serial
     000000B2  _P3_2                              my_serial
     000000B3  _INT1                              my_serial
     000000B3  _IPH1                              my_serial
     000000B3  _P3_3                              my_serial
     000000B4  _P3_4                              my_serial
     000000B4  _T0                                my_serial
     000000B5  _P3_5                              my_serial
     000000B5  _T1                                my_serial
     000000B6  _P3_6                              my_serial
     000000B6  _WR                                my_serial
     000000B7  _IPH0                              my_serial
     000000B7  _P3_7                              my_serial
     000000B7  _RD                                my_serial
ASxxxx Linker V03.00 + NoICE + sdld,  page 5.
Hexadecimal  [32-Bits]

Area                                    Addr        Size        Decimal Bytes (Attributes)
--------------------------------        ----        ----        ------- ----- ------------
.  .ABS.                            00000000    00000000 =           0. bytes (ABS,CON)

      Value  Global                              Global Defined In Module
      -----  --------------------------------   ------------------------
     000000B8  _IP                                my_serial
     000000B8  _IPL0                              my_serial
     000000B8  _PX0                               my_serial
     000000B8  _PX0L                              my_serial
     000000B9  _PT0                               my_serial
     000000B9  _PT0L                              my_serial
     000000B9  _SADEN                             my_serial
     000000BA  _PX1                               my_serial
     000000BA  _PX1L                              my_serial
     000000BB  _PT1                               my_serial
     000000BB  _PT1L                              my_serial
     000000BC  _PS                                my_serial
     000000BC  _PSL                               my_serial
     000000BD  _PT2                               my_serial
     000000BD  _PT2L                              my_serial
     000000BE  _PPCL                              my_serial
     000000C0  _P4                                my_serial
     000000C0  _P4_0                              my_serial
     000000C1  _P4_1                              my_serial
     000000C2  _P4_2                              my_serial
     000000C3  _P4_3                              my_serial
     000000C3  _SPCON                             my_serial
     000000C4  _P4_4                              my_serial
     000000C4  _SPSTA                             my_serial
     000000C5  _P4_5                              my_serial
     000000C5  _SPDAT                             my_serial
     000000C6  _P4_6                              my_serial
     000000C7  _P4_7                              my_serial
     000000C8  _CP_RL2                            my_serial
     000000C8  _T2CON                             my_serial
     000000C8  _T2CON_0                           my_serial
     000000C9  _C_T2                              my_serial
     000000C9  _T2CON_1                           my_serial
     000000C9  _T2MOD                             my_serial
     000000CA  _RCAP2L                            my_serial
     000000CA  _T2CON_2                           my_serial
     000000CA  _TR2                               my_serial
     000000CB  _EXEN2                             my_serial
     000000CB  _RCAP2H                            my_serial
     000000CB  _T2CON_3                           my_serial
     000000CC  _T2CON_4                           my_serial
     000000CC  _TCLK                              my_serial
     000000CC  _TL2                               my_serial
     000000CD  _RCLK                              my_serial
     000000CD  _T2CON_5                           my_serial
     000000CD  _TH2                               my_serial
     000000CE  _EXF2                              my_serial
     000000CE  _T2CON_6                           my_serial
     000000CF  _T2CON_7                           my_serial
     000000CF  _TF2                               my_serial
     000000D0  _P                                 my_serial
ASxxxx Linker V03.00 + NoICE + sdld,  page 6.
Hexadecimal  [32-Bits]

Area                                    Addr        Size        Decimal Bytes (Attributes)
--------------------------------        ----        ----        ------- ----- ------------
.  .ABS.                            00000000    00000000 =           0. bytes (ABS,CON)

      Value  Global                              Global Defined In Module
      -----  --------------------------------   ------------------------
     000000D0  _PSW                               my_serial
     000000D1  _F1                                my_serial
     000000D2  _EECON                             my_serial
     000000D2  _OV                                my_serial
     000000D3  _RS0                               my_serial
     000000D4  _RS1                               my_serial
     000000D5  _F0                                my_serial
     000000D6  _AC                                my_serial
     000000D7  _CY                                my_serial
     000000D8  _CCF0                              my_serial
     000000D8  _CCON                              my_serial
     000000D9  _CCF1                              my_serial
     000000D9  _CMOD                              my_serial
     000000DA  _CCAPM0                            my_serial
     000000DA  _CCF2                              my_serial
     000000DB  _CCAPM1                            my_serial
     000000DB  _CCF3                              my_serial
     000000DC  _CCAPM2                            my_serial
     000000DC  _CCF4                              my_serial
     000000DD  _CCAPM3                            my_serial
     000000DE  _CCAPM4                            my_serial
     000000DE  _CR                                my_serial
     000000DF  _CF                                my_serial
     000000E0  _ACC                               my_serial
     000000E8  _P5                                my_serial
     000000E8  _P5_0                              my_serial
     000000E9  _CL                                my_serial
     000000E9  _P5_1                              my_serial
     000000EA  _CCAP0L                            my_serial
     000000EA  _P5_2                              my_serial
     000000EB  _CCAP1L                            my_serial
     000000EB  _P5_3                              my_serial
     000000EC  _CCAP2L                            my_serial
     000000EC  _P5_4                              my_serial
     000000ED  _CCAP3L                            my_serial
     000000ED  _P5_5                              my_serial
     000000EE  _CCAP4L                            my_serial
     000000EE  _P5_6                              my_serial
     000000EF  _P5_7                              my_serial
     000000F0  _B                                 my_serial
     000000F5  _B_5                               _gptrget
     000000F6  _B_6                               _gptrget
     000000F7  _B_7                               _gptrget
     000000F9  _CH                                my_serial
     000000FA  _CCAP0H                            my_serial
     000000FB  _CCAP1H                            my_serial
     000000FC  _CCAP2H                            my_serial
     000000FD  _CCAP3H                            my_serial
     000000FE  _CCAP4H                            my_serial
ASxxxx Linker V03.00 + NoICE + sdld,  page 7.
Hexadecimal  [32-Bits]

Area                                    Addr        Size        Decimal Bytes (Attributes)
--------------------------------        ----        ----        ------- ----- ------------
BSEG_BYTES                          00000020    00000001 =           1. bytes (REL,CON)

      Value  Global                              Global Defined In Module
      -----  --------------------------------   ------------------------
ASxxxx Linker V03.00 + NoICE + sdld,  page 8.
Hexadecimal  [32-Bits]

Area                                    Addr        Size        Decimal Bytes (Attributes)
--------------------------------        ----        ----        ------- ----- ------------
REG_BANK_0                          00000000    00000008 =           8. bytes (REL,OVR)

      Value  Global                              Global Defined In Module
      -----  --------------------------------   ------------------------
ASxxxx Linker V03.00 + NoICE + sdld,  page 9.
Hexadecimal  [32-Bits]

Area                                    Addr        Size        Decimal Bytes (Attributes)
--------------------------------        ----        ----        ------- ----- ------------
DSEG                                00000000    0000006B =         107. bytes (REL,CON)

      Value  Global                              Global Defined In Module
      -----  --------------------------------   ------------------------
     0000000A  _bp                                _bp

ASxxxx Linker V03.00 + NoICE + sdld,  page 10.
Hexadecimal  [32-Bits]

Area                                    Addr        Size        Decimal Bytes (Attributes)
--------------------------------        ----        ----        ------- ----- ------------
SSEG                                00000021    000000DF =         223. bytes (REL,OVR)

      Value  Global                              Global Defined In Module
      -----  --------------------------------   ------------------------
     00000021  __start__stack                     main

ASxxxx Linker V03.00 + NoICE + sdld,  page 11.
Hexadecimal  [32-Bits]

Area                                    Addr        Size        Decimal Bytes (Attributes)
--------------------------------        ----        ----        ------- ----- ------------
XSEG                                00000001    00000418 =        1048. bytes (REL,CON,XDATA)

      Value  Global                              Global Defined In Module
      -----  --------------------------------   ------------------------
D:   00000001  _current_overflow_count            main
D:   00000003  _reload_counter                    main
D:   00000007  ___sdcc_heap                       _heap
D:   00000410  __gptrput_PARM_2                   _gptrput
D:   00000411  ___sdcc_heap_free                  malloc

ASxxxx Linker V03.00 + NoICE + sdld,  page 12.
Hexadecimal  [32-Bits]

Area                                    Addr        Size        Decimal Bytes (Attributes)
--------------------------------        ----        ----        ------- ----- ------------
HOME                                00002000    00000011 =          17. bytes (REL,CON,CODE)

      Value  Global                              Global Defined In Module
      -----  --------------------------------   ------------------------
C:   0000200E  __sdcc_program_startup             main

ASxxxx Linker V03.00 + NoICE + sdld,  page 13.
Hexadecimal  [32-Bits]

Area                                    Addr        Size        Decimal Bytes (Attributes)
--------------------------------        ----        ----        ------- ----- ------------
GSINIT0                             00002011    00000003 =           3. bytes (REL,CON,CODE)

      Value  Global                              Global Defined In Module
      -----  --------------------------------   ------------------------
C:   00002011  __sdcc_gsinit_startup              

ASxxxx Linker V03.00 + NoICE + sdld,  page 14.
Hexadecimal  [32-Bits]

Area                                    Addr        Size        Decimal Bytes (Attributes)
--------------------------------        ----        ----        ------- ----- ------------
GSINIT2                             00002014    0000000A =          10. bytes (REL,CON,CODE)

      Value  Global                              Global Defined In Module
      -----  --------------------------------   ------------------------
ASxxxx Linker V03.00 + NoICE + sdld,  page 15.
Hexadecimal  [32-Bits]

Area                                    Addr        Size        Decimal Bytes (Attributes)
--------------------------------        ----        ----        ------- ----- ------------
GSINIT3                             0000201E    00000022 =          34. bytes (REL,CON,CODE)

      Value  Global                              Global Defined In Module
      -----  --------------------------------   ------------------------
C:   0000201E  __mcs51_genXINIT                   

ASxxxx Linker V03.00 + NoICE + sdld,  page 16.
Hexadecimal  [32-Bits]

Area                                    Addr        Size        Decimal Bytes (Attributes)
--------------------------------        ----        ----        ------- ----- ------------
GSINIT4                             00002040    0000002A =          42. bytes (REL,CON,CODE)

      Value  Global                              Global Defined In Module
      -----  --------------------------------   ------------------------
C:   00002040  __mcs51_genRAMCLEAR                
C:   00002046  __mcs51_genXRAMCLEAR               

ASxxxx Linker V03.00 + NoICE + sdld,  page 17.
Hexadecimal  [32-Bits]

Area                                    Addr        Size        Decimal Bytes (Attributes)
--------------------------------        ----        ----        ------- ----- ------------
GSFINAL                             0000206A    00000003 =           3. bytes (REL,CON,CODE)

      Value  Global                              Global Defined In Module
      -----  --------------------------------   ------------------------
ASxxxx Linker V03.00 + NoICE + sdld,  page 18.
Hexadecimal  [32-Bits]

Area                                    Addr        Size        Decimal Bytes (Attributes)
--------------------------------        ----        ----        ------- ----- ------------
CSEG                                0000206D    0000064E =        1614. bytes (REL,CON,CODE)

      Value  Global                              Global Defined In Module
      -----  --------------------------------   ------------------------
C:   0000206D  __sdcc_external_startup            main
C:   00002071  _init_timer_registers              main
C:   0000207F  _timer0_ISR                        main
C:   000020B7  _main                              main
C:   00002252  _putchar                           my_serial
C:   00002271  _getchar                           my_serial
C:   0000227F  _free                              free
C:   000023D6  __gptrput                          _gptrput
C:   000023F1  _printf_tiny                       printf_tiny
C:   000024FA  ___sdcc_heap_init                  malloc
C:   00002536  _malloc                            malloc
C:   0000269F  __gptrget                          _gptrget
ASxxxx Linker V03.00 + NoICE + sdld,  page 19.
Hexadecimal  [32-Bits]

Area                                    Addr        Size        Decimal Bytes (Attributes)
--------------------------------        ----        ----        ------- ----- ------------
CONST                               000026BB    000000C5 =         197. bytes (REL,CON,CODE)

      Value  Global                              Global Defined In Module
      -----  --------------------------------   ------------------------
C:   0000277E  ___sdcc_heap_size                  _heap

ASxxxx Linker V03.00 + NoICE + sdld,  page 20.

Files Linked                              [ module(s) ]

bin/main.rel                              [  ]
bin/my_serial.rel                         [  ]
bin/_heap.rel                             [  ]


Libraries Linked                          [ object file ]

C:\Program Files\SDCC\bin\..\lib\large/libsdcc.lib
                                          [ free.rel ]
C:\Program Files\SDCC\bin\..\lib\large/mcs51.lib
                                          [ crtclear.rel ]
C:\Program Files\SDCC\bin\..\lib\large/mcs51.lib
                                          [ crtxinit.rel ]
C:\Program Files\SDCC\bin\..\lib\large/libsdcc.lib
                                          [ _gptrput.rel ]
C:\Program Files\SDCC\bin\..\lib\large/libsdcc.lib
                                          [ printf_tiny.rel ]
C:\Program Files\SDCC\bin\..\lib\large/libsdcc.lib
                                          [ malloc.rel ]
C:\Program Files\SDCC\bin\..\lib\large/mcs51.lib
                                          [ crtxclear.rel ]
C:\Program Files\SDCC\bin\..\lib\large/libsdcc.lib
                                          [ _bp.rel ]
C:\Program Files\SDCC\bin\..\lib\large/mcs51.lib
                                          [ crtpagesfr.rel ]
C:\Program Files\SDCC\bin\..\lib\large/mcs51.lib
                                          [ crtstart.rel ]
C:\Program Files\SDCC\bin\..\lib\large/libsdcc.lib
                                          [ _gptrget.rel ]

ASxxxx Linker V03.00 + NoICE + sdld,  page 21.

User Base Address Definitions

HOME = 0x2000
XSEG = 0x0001
PSEG = 0x0001
ISEG = 0x0000
BSEG = 0x0000

