ASxxxx Linker V03.00 + NoICE + sdld,  page 1.
Hexadecimal  [32-Bits]

Area                                    Addr        Size        Decimal Bytes (Attributes)
--------------------------------        ----        ----        ------- ----- ------------
CABS                                00000000    00000000 =           0. bytes (ABS,CON,CODE)

      Value  Global                              Global Defined In Module
      -----  --------------------------------   ------------------------
C:   00000000  l_BIT_BANK                      
C:   00000000  l_CABS                          
C:   00000000  l_GSINIT                        
C:   00000000  l_GSINIT1                       
C:   00000000  l_GSINIT5                       
C:   00000000  l_IABS                          
C:   00000000  l_ISEG                          
C:   00000000  l_PSEG                          
C:   00000000  l_REG_BANK_1                    
C:   00000000  l_REG_BANK_2                    
C:   00000000  l_REG_BANK_3                    
C:   00000000  l_RSEG                          
C:   00000000  l_RSEG0                         
C:   00000000  l_RSEG1                         
C:   00000000  l_XABS                          
C:   00000000  l_XINIT                         
C:   00000000  l_XISEG                         
C:   00000000  l__CODE                         
C:   00000000  s_BSEG                          
C:   00000000  s_CABS                          
C:   00000000  s_DSEG                          
C:   00000000  s_IABS                          
C:   00000000  s_ISEG                          
C:   00000000  s_REG_BANK_0                    
C:   00000000  s_RSEG                          
C:   00000000  s_RSEG0                         
C:   00000000  s_RSEG1                         
C:   00000000  s_XABS                          
C:   00000001  l_BSEG_BYTES                    
C:   00000001  s_PSEG                          
C:   00000001  s_XSEG                          
C:   00000002  l_BSEG                          
C:   00000003  l_GSFINAL                       
C:   00000003  l_GSINIT0                       
C:   00000003  l_OSEG                          
C:   00000008  l_REG_BANK_0                    
C:   00000008  s_REG_BANK_1                    
C:   0000000A  l_GSINIT2                       
C:   00000010  s_REG_BANK_2                    
C:   00000018  s_BIT_BANK                      
C:   00000018  s_REG_BANK_3                    
C:   0000001B  s_OSEG                          
C:   00000020  s_BSEG_BYTES                    
C:   00000020  s__CODE                         
C:   00000021  s_SSEG                          
C:   00000022  l_GSINIT3                       
C:   0000002A  l_GSINIT4                       
C:   00000034  l_HOME                          
C:   0000007E  l_DSEG                          
C:   000000DF  l_SSEG                          
ASxxxx Linker V03.00 + NoICE + sdld,  page 2.
Hexadecimal  [32-Bits]

Area                                    Addr        Size        Decimal Bytes (Attributes)
--------------------------------        ----        ----        ------- ----- ------------
CABS                                00000000    00000000 =           0. bytes (ABS,CON,CODE)

      Value  Global                              Global Defined In Module
      -----  --------------------------------   ------------------------
C:   00000100  l_IRAM                          
C:   0000038C  l_CONST                         
C:   00001DD8  l_CSEG                          
C:   00002000  s_HOME                          
C:   00002034  s_GSINIT0                       
C:   00002037  s_GSINIT1                       
C:   00002037  s_GSINIT2                       
C:   00002041  s_GSINIT3                       
C:   00002063  s_GSINIT4                       
C:   0000208D  s_GSFINAL                       
C:   0000208D  s_GSINIT                        
C:   0000208D  s_GSINIT5                       
C:   00002090  s_CSEG                          
C:   000020BA  l_XSEG                          
C:   000020BB  s_XISEG                         
C:   00003E68  s_CONST                         
C:   000041F4  s_XINIT                         

ASxxxx Linker V03.00 + NoICE + sdld,  page 3.
Hexadecimal  [32-Bits]

Area                                    Addr        Size        Decimal Bytes (Attributes)
--------------------------------        ----        ----        ------- ----- ------------
.  .ABS.                            00000000    00000000 =           0. bytes (ABS,CON)

      Value  Global                              Global Defined In Module
      -----  --------------------------------   ------------------------
     00000000  .__.ABS.                           _bp
     00000080  _P0                                eeprom
     00000080  _P0_0                              eeprom
     00000081  _P0_1                              eeprom
     00000081  _SP                                eeprom
     00000082  _DPL                               eeprom
     00000082  _P0_2                              eeprom
     00000083  _DPH                               eeprom
     00000083  _P0_3                              eeprom
     00000084  _P0_4                              eeprom
     00000085  _P0_5                              eeprom
     00000086  _P0_6                              eeprom
     00000087  _P0_7                              eeprom
     00000087  _PCON                              eeprom
     00000088  _IT0                               eeprom
     00000088  _TCON                              eeprom
     00000089  _IE0                               eeprom
     00000089  _TMOD                              eeprom
     0000008A  _IT1                               eeprom
     0000008A  _TL0                               eeprom
     0000008B  _IE1                               eeprom
     0000008B  _TL1                               eeprom
     0000008C  _TH0                               eeprom
     0000008C  _TR0                               eeprom
     0000008D  _TF0                               eeprom
     0000008D  _TH1                               eeprom
     0000008E  _AUXR                              eeprom
     0000008E  _TR1                               eeprom
     0000008F  _CKCON0                            eeprom
     0000008F  _TF1                               eeprom
     00000090  _P1                                eeprom
     00000090  _P1_0                              eeprom
     00000091  _P1_1                              eeprom
     00000092  _P1_2                              eeprom
     00000093  _P1_3                              eeprom
     00000094  _P1_4                              eeprom
     00000095  _P1_5                              eeprom
     00000096  _P1_6                              eeprom
     00000097  _CKRL                              eeprom
     00000097  _P1_7                              eeprom
     00000098  _RI                                eeprom
     00000098  _SCON                              eeprom
     00000099  _SBUF                              eeprom
     00000099  _TI                                eeprom
     0000009A  _BRL                               eeprom
     0000009A  _RB8                               eeprom
     0000009B  _BDRCON                            eeprom
     0000009B  _TB8                               eeprom
     0000009C  _KBLS                              eeprom
     0000009C  _REN                               eeprom
ASxxxx Linker V03.00 + NoICE + sdld,  page 4.
Hexadecimal  [32-Bits]

Area                                    Addr        Size        Decimal Bytes (Attributes)
--------------------------------        ----        ----        ------- ----- ------------
.  .ABS.                            00000000    00000000 =           0. bytes (ABS,CON)

      Value  Global                              Global Defined In Module
      -----  --------------------------------   ------------------------
     0000009D  _KBE                               eeprom
     0000009D  _SM2                               eeprom
     0000009E  _KBF                               eeprom
     0000009E  _SM1                               eeprom
     0000009F  _SM0                               eeprom
     000000A0  _P2                                eeprom
     000000A0  _P2_0                              eeprom
     000000A0  __XPAGE                            
     000000A1  _P2_1                              eeprom
     000000A2  _AUXR1                             eeprom
     000000A2  _P2_2                              eeprom
     000000A3  _P2_3                              eeprom
     000000A4  _P2_4                              eeprom
     000000A5  _P2_5                              eeprom
     000000A6  _P2_6                              eeprom
     000000A6  _WDTRST                            eeprom
     000000A7  _P2_7                              eeprom
     000000A7  _WDTPRG                            eeprom
     000000A8  _EX0                               eeprom
     000000A8  _IE                                eeprom
     000000A8  _IEN0                              eeprom
     000000A9  _ET0                               eeprom
     000000A9  _SADDR                             eeprom
     000000AA  _EX1                               eeprom
     000000AB  _ET1                               eeprom
     000000AC  _ES                                eeprom
     000000AD  _ET2                               eeprom
     000000AE  _EC                                eeprom
     000000AF  _CKCON1                            eeprom
     000000AF  _EA                                eeprom
     000000B0  _P3                                eeprom
     000000B0  _P3_0                              eeprom
     000000B0  _RXD                               eeprom
     000000B1  _IEN1                              eeprom
     000000B1  _P3_1                              eeprom
     000000B1  _TXD                               eeprom
     000000B2  _INT0                              eeprom
     000000B2  _IPL1                              eeprom
     000000B2  _P3_2                              eeprom
     000000B3  _INT1                              eeprom
     000000B3  _IPH1                              eeprom
     000000B3  _P3_3                              eeprom
     000000B4  _P3_4                              eeprom
     000000B4  _T0                                eeprom
     000000B5  _P3_5                              eeprom
     000000B5  _T1                                eeprom
     000000B6  _P3_6                              eeprom
     000000B6  _WR                                eeprom
     000000B7  _IPH0                              eeprom
     000000B7  _P3_7                              eeprom
     000000B7  _RD                                eeprom
ASxxxx Linker V03.00 + NoICE + sdld,  page 5.
Hexadecimal  [32-Bits]

Area                                    Addr        Size        Decimal Bytes (Attributes)
--------------------------------        ----        ----        ------- ----- ------------
.  .ABS.                            00000000    00000000 =           0. bytes (ABS,CON)

      Value  Global                              Global Defined In Module
      -----  --------------------------------   ------------------------
     000000B8  _IP                                eeprom
     000000B8  _IPL0                              eeprom
     000000B8  _PX0                               eeprom
     000000B8  _PX0L                              eeprom
     000000B9  _PT0                               eeprom
     000000B9  _PT0L                              eeprom
     000000B9  _SADEN                             eeprom
     000000BA  _PX1                               eeprom
     000000BA  _PX1L                              eeprom
     000000BB  _PT1                               eeprom
     000000BB  _PT1L                              eeprom
     000000BC  _PS                                eeprom
     000000BC  _PSL                               eeprom
     000000BD  _PT2                               eeprom
     000000BD  _PT2L                              eeprom
     000000BE  _PPCL                              eeprom
     000000C0  _P4                                eeprom
     000000C0  _P4_0                              eeprom
     000000C1  _P4_1                              eeprom
     000000C2  _P4_2                              eeprom
     000000C3  _P4_3                              eeprom
     000000C3  _SPCON                             eeprom
     000000C4  _P4_4                              eeprom
     000000C4  _SPSTA                             eeprom
     000000C5  _P4_5                              eeprom
     000000C5  _SPDAT                             eeprom
     000000C6  _P4_6                              eeprom
     000000C7  _P4_7                              eeprom
     000000C8  _CP_RL2                            eeprom
     000000C8  _T2CON                             eeprom
     000000C8  _T2CON_0                           eeprom
     000000C9  _C_T2                              eeprom
     000000C9  _T2CON_1                           eeprom
     000000C9  _T2MOD                             eeprom
     000000CA  _RCAP2L                            eeprom
     000000CA  _T2CON_2                           eeprom
     000000CA  _TR2                               eeprom
     000000CB  _EXEN2                             eeprom
     000000CB  _RCAP2H                            eeprom
     000000CB  _T2CON_3                           eeprom
     000000CC  _T2CON_4                           eeprom
     000000CC  _TCLK                              eeprom
     000000CC  _TL2                               eeprom
     000000CD  _RCLK                              eeprom
     000000CD  _T2CON_5                           eeprom
     000000CD  _TH2                               eeprom
     000000CE  _EXF2                              eeprom
     000000CE  _T2CON_6                           eeprom
     000000CF  _T2CON_7                           eeprom
     000000CF  _TF2                               eeprom
     000000D0  _P                                 eeprom
ASxxxx Linker V03.00 + NoICE + sdld,  page 6.
Hexadecimal  [32-Bits]

Area                                    Addr        Size        Decimal Bytes (Attributes)
--------------------------------        ----        ----        ------- ----- ------------
.  .ABS.                            00000000    00000000 =           0. bytes (ABS,CON)

      Value  Global                              Global Defined In Module
      -----  --------------------------------   ------------------------
     000000D0  _PSW                               eeprom
     000000D1  _F1                                eeprom
     000000D2  _EECON                             eeprom
     000000D2  _OV                                eeprom
     000000D3  _RS0                               eeprom
     000000D4  _RS1                               eeprom
     000000D5  _F0                                eeprom
     000000D6  _AC                                eeprom
     000000D7  _CY                                eeprom
     000000D8  _CCF0                              eeprom
     000000D8  _CCON                              eeprom
     000000D9  _CCF1                              eeprom
     000000D9  _CMOD                              eeprom
     000000DA  _CCAPM0                            eeprom
     000000DA  _CCF2                              eeprom
     000000DB  _CCAPM1                            eeprom
     000000DB  _CCF3                              eeprom
     000000DC  _CCAPM2                            eeprom
     000000DC  _CCF4                              eeprom
     000000DD  _CCAPM3                            eeprom
     000000DE  _CCAPM4                            eeprom
     000000DE  _CR                                eeprom
     000000DF  _CF                                eeprom
     000000E0  _ACC                               eeprom
     000000E8  _P5                                eeprom
     000000E8  _P5_0                              eeprom
     000000E9  _CL                                eeprom
     000000E9  _P5_1                              eeprom
     000000EA  _CCAP0L                            eeprom
     000000EA  _P5_2                              eeprom
     000000EB  _CCAP1L                            eeprom
     000000EB  _P5_3                              eeprom
     000000EC  _CCAP2L                            eeprom
     000000EC  _P5_4                              eeprom
     000000ED  _CCAP3L                            eeprom
     000000ED  _P5_5                              eeprom
     000000EE  _CCAP4L                            eeprom
     000000EE  _P5_6                              eeprom
     000000EF  _P5_7                              eeprom
     000000F0  _B                                 eeprom
     000000F5  _B_5                               _gptrget
     000000F6  _B_6                               _gptrget
     000000F7  _B_7                               _gptrget
     000000F9  _CH                                eeprom
     000000FA  _CCAP0H                            eeprom
     000000FB  _CCAP1H                            eeprom
     000000FC  _CCAP2H                            eeprom
     000000FD  _CCAP3H                            eeprom
     000000FE  _CCAP4H                            eeprom
ASxxxx Linker V03.00 + NoICE + sdld,  page 7.
Hexadecimal  [32-Bits]

Area                                    Addr        Size        Decimal Bytes (Attributes)
--------------------------------        ----        ----        ------- ----- ------------
BSEG_BYTES                          00000020    00000001 =           1. bytes (REL,CON)

      Value  Global                              Global Defined In Module
      -----  --------------------------------   ------------------------
ASxxxx Linker V03.00 + NoICE + sdld,  page 8.
Hexadecimal  [32-Bits]

Area                                    Addr        Size        Decimal Bytes (Attributes)
--------------------------------        ----        ----        ------- ----- ------------
REG_BANK_0                          00000000    00000008 =           8. bytes (REL,OVR)

      Value  Global                              Global Defined In Module
      -----  --------------------------------   ------------------------
ASxxxx Linker V03.00 + NoICE + sdld,  page 9.
Hexadecimal  [32-Bits]

Area                                    Addr        Size        Decimal Bytes (Attributes)
--------------------------------        ----        ----        ------- ----- ------------
DSEG                                00000000    0000007E =         126. bytes (REL,CON)

      Value  Global                              Global Defined In Module
      -----  --------------------------------   ------------------------
     0000001A  _bp                                _bp

ASxxxx Linker V03.00 + NoICE + sdld,  page 10.
Hexadecimal  [32-Bits]

Area                                    Addr        Size        Decimal Bytes (Attributes)
--------------------------------        ----        ----        ------- ----- ------------
OSEG                                0000001B    00000003 =           3. bytes (REL,OVR)

      Value  Global                              Global Defined In Module
      -----  --------------------------------   ------------------------
ASxxxx Linker V03.00 + NoICE + sdld,  page 11.
Hexadecimal  [32-Bits]

Area                                    Addr        Size        Decimal Bytes (Attributes)
--------------------------------        ----        ----        ------- ----- ------------
SSEG                                00000021    000000DF =         223. bytes (REL,OVR)

      Value  Global                              Global Defined In Module
      -----  --------------------------------   ------------------------
     00000021  __start__stack                     main

ASxxxx Linker V03.00 + NoICE + sdld,  page 12.
Hexadecimal  [32-Bits]

Area                                    Addr        Size        Decimal Bytes (Attributes)
--------------------------------        ----        ----        ------- ----- ------------
XSEG                                00000001    000020BA =        8378. bytes (REL,CON,XDATA)

      Value  Global                              Global Defined In Module
      -----  --------------------------------   ------------------------
D:   00000010  ___sdcc_heap                       _heap
D:   00002010  _string_input_buffer               input
D:   0000201A  _character_count                   input
D:   00002028  _append_to_buffer_list_PARM_2      linked_list
D:   00002031  _remove_from_buffer_list_PARM_2    linked_list
D:   0000204A  _ll_get_elem_PARM_2                linked_list
D:   00002052  _dataout_PARM_2                    debug
D:   0000205A  _i2c_write_PARM_2                  eeprom
D:   0000205D  _i2c_write_PARM_3                  eeprom
D:   00002060  _i2c_read_PARM_2                   eeprom
D:   00002063  _i2c_read_PARM_3                   eeprom
D:   00002065  _eepromwritebyte_PARM_2            eeprom
D:   00002068  _eepromreadbyte_PARM_2             eeprom
D:   00002076  _memset_PARM_2                     _memset
D:   00002077  _memset_PARM_3                     _memset
D:   00002079  __gptrput_PARM_2                   _gptrput
D:   0000207A  _vprintf_PARM_2                    vprintf
D:   0000208F  __print_format_PARM_2              printf_large
D:   00002092  __print_format_PARM_3              printf_large
D:   00002095  __print_format_PARM_4              printf_large
D:   000020B1  __mulint_PARM_2                    _mulint
D:   000020B3  ___sdcc_heap_free                  malloc

ASxxxx Linker V03.00 + NoICE + sdld,  page 13.
Hexadecimal  [32-Bits]

Area                                    Addr        Size        Decimal Bytes (Attributes)
--------------------------------        ----        ----        ------- ----- ------------
HOME                                00002000    00000034 =          52. bytes (REL,CON,CODE)

      Value  Global                              Global Defined In Module
      -----  --------------------------------   ------------------------
C:   00002003  __sdcc_program_startup             main
C:   00002006  ___gptr_cmp                        

ASxxxx Linker V03.00 + NoICE + sdld,  page 14.
Hexadecimal  [32-Bits]

Area                                    Addr        Size        Decimal Bytes (Attributes)
--------------------------------        ----        ----        ------- ----- ------------
GSINIT0                             00002034    00000003 =           3. bytes (REL,CON,CODE)

      Value  Global                              Global Defined In Module
      -----  --------------------------------   ------------------------
C:   00002034  __sdcc_gsinit_startup              

ASxxxx Linker V03.00 + NoICE + sdld,  page 15.
Hexadecimal  [32-Bits]

Area                                    Addr        Size        Decimal Bytes (Attributes)
--------------------------------        ----        ----        ------- ----- ------------
GSINIT2                             00002037    0000000A =          10. bytes (REL,CON,CODE)

      Value  Global                              Global Defined In Module
      -----  --------------------------------   ------------------------
ASxxxx Linker V03.00 + NoICE + sdld,  page 16.
Hexadecimal  [32-Bits]

Area                                    Addr        Size        Decimal Bytes (Attributes)
--------------------------------        ----        ----        ------- ----- ------------
GSINIT3                             00002041    00000022 =          34. bytes (REL,CON,CODE)

      Value  Global                              Global Defined In Module
      -----  --------------------------------   ------------------------
C:   00002041  __mcs51_genXINIT                   

ASxxxx Linker V03.00 + NoICE + sdld,  page 17.
Hexadecimal  [32-Bits]

Area                                    Addr        Size        Decimal Bytes (Attributes)
--------------------------------        ----        ----        ------- ----- ------------
GSINIT4                             00002063    0000002A =          42. bytes (REL,CON,CODE)

      Value  Global                              Global Defined In Module
      -----  --------------------------------   ------------------------
C:   00002063  __mcs51_genRAMCLEAR                
C:   00002069  __mcs51_genXRAMCLEAR               

ASxxxx Linker V03.00 + NoICE + sdld,  page 18.
Hexadecimal  [32-Bits]

Area                                    Addr        Size        Decimal Bytes (Attributes)
--------------------------------        ----        ----        ------- ----- ------------
GSFINAL                             0000208D    00000003 =           3. bytes (REL,CON,CODE)

      Value  Global                              Global Defined In Module
      -----  --------------------------------   ------------------------
ASxxxx Linker V03.00 + NoICE + sdld,  page 19.
Hexadecimal  [32-Bits]

Area                                    Addr        Size        Decimal Bytes (Attributes)
--------------------------------        ----        ----        ------- ----- ------------
CSEG                                00002090    00001DD8 =        7640. bytes (REL,CON,CODE)

      Value  Global                              Global Defined In Module
      -----  --------------------------------   ------------------------
C:   00002090  __sdcc_external_startup            main
C:   00002094  _w_command_handler                 main
C:   000021BD  _r_command_handler                 main
C:   00002281  _print_dashed_line                 main
C:   00002297  _x_command_handler                 main
C:   000024C3  _main                              main
C:   00002586  _putchar                           my_serial
C:   000025A5  _getchar                           my_serial
C:   000025B3  _get_input_buffer                  input
C:   000025BA  _get_string                        input
C:   000026EE  _get_next_input_char               input
C:   00002711  _get_hex_value                     input
C:   0000285E  _get_char_count                    input
C:   0000286A  _reset_char_count                  input
C:   00002872  _append_to_buffer_list             linked_list
C:   00002958  _remove_from_buffer_list           linked_list
C:   00002B0A  _free_all_elems_from_list          linked_list
C:   00002C2B  _ll_length                         linked_list
C:   00002CB6  _ll_get_elem                       linked_list
C:   00002D52  _dataout                           debug
C:   00002D6F  _i2c_init                          eeprom
C:   00002E32  _i2c_write                         eeprom
C:   00002ED6  _i2c_read                          eeprom
C:   00002F42  _eeprom_init                       eeprom
C:   00002F45  _eepromwritebyte                   eeprom
C:   00002FC6  _eepromreadbyte                    eeprom
C:   00003073  _free                              free
C:   000031CA  _memset                            _memset
C:   000031F2  __gptrput                          _gptrput
C:   0000321C  _vprintf                           vprintf
C:   0000325B  _printf                            vprintf
C:   00003361  __print_format                     printf_large
C:   00003C6F  _strlen                            _strlen
C:   00003C87  __mulint                           _mulint
C:   00003CA7  ___sdcc_heap_init                  malloc
C:   00003CE3  _malloc                            malloc
C:   00003E4C  __gptrget                          _gptrget

ASxxxx Linker V03.00 + NoICE + sdld,  page 20.
Hexadecimal  [32-Bits]

Area                                    Addr        Size        Decimal Bytes (Attributes)
--------------------------------        ----        ----        ------- ----- ------------
CONST                               00003E68    0000038C =         908. bytes (REL,CON,CODE)

      Value  Global                              Global Defined In Module
      -----  --------------------------------   ------------------------
C:   000041E7  ___sdcc_heap_size                  _heap

ASxxxx Linker V03.00 + NoICE + sdld,  page 21.

Files Linked                              [ module(s) ]

bin/main.rel                              [  ]
bin/my_serial.rel                         [  ]
bin/_heap.rel                             [  ]
bin/input.rel                             [  ]
bin/linked_list.rel                       [  ]
bin/debug.rel                             [  ]
bin/eeprom.rel                            [  ]


Libraries Linked                          [ object file ]

C:\Program Files\SDCC\bin\..\lib\large/libsdcc.lib
                                          [ free.rel ]
C:\Program Files\SDCC\bin\..\lib\large/mcs51.lib
                                          [ crtclear.rel ]
C:\Program Files\SDCC\bin\..\lib\large/libsdcc.lib
                                          [ _memset.rel ]
C:\Program Files\SDCC\bin\..\lib\large/mcs51.lib
                                          [ crtxinit.rel ]
C:\Program Files\SDCC\bin\..\lib\large/libsdcc.lib
                                          [ _gptrput.rel ]
C:\Program Files\SDCC\bin\..\lib\large/mcs51.lib
                                          [ crtxclear.rel ]
C:\Program Files\SDCC\bin\..\lib\large/libsdcc.lib
                                          [ vprintf.rel ]
C:\Program Files\SDCC\bin\..\lib\large/libsdcc.lib
                                          [ printf_large.rel ]
C:\Program Files\SDCC\bin\..\lib\large/mcs51.lib
                                          [ crtpagesfr.rel ]
C:\Program Files\SDCC\bin\..\lib\large/libsdcc.lib
                                          [ _strlen.rel ]
C:\Program Files\SDCC\bin\..\lib\large/libint.lib
                                          [ _mulint.rel ]
C:\Program Files\SDCC\bin\..\lib\large/libsdcc.lib
                                          [ malloc.rel ]
C:\Program Files\SDCC\bin\..\lib\large/mcs51.lib
                                          [ gptr_cmp.rel ]
C:\Program Files\SDCC\bin\..\lib\large/mcs51.lib
                                          [ crtstart.rel ]
C:\Program Files\SDCC\bin\..\lib\large/libsdcc.lib
                                          [ _gptrget.rel ]
C:\Program Files\SDCC\bin\..\lib\large/libsdcc.lib
                                          [ _bp.rel ]

ASxxxx Linker V03.00 + NoICE + sdld,  page 22.

User Base Address Definitions

HOME = 0x2000
XSEG = 0x0001
PSEG = 0x0001
ISEG = 0x0000
BSEG = 0x0000

